// Jest Snapshot v1, https://goo.gl/fbAQLP

exports[`Dashboard component should take a snapshot 1`] = `
<DocumentFragment>
  <div
    class="container"
  >
    <span
      class="error"
    >
      Erro ao obter os dados, tente novamente.
    </span>
    <div
      class="filter"
    >
      <select
        class="filterInvestiment"
        id="filterInvestiment"
      >
        <option
          value="0"
        >
          From the beginning
        </option>
        <option
          value="1"
        >
          Last Month
        </option>
        <option
          value="2"
        >
          3 Months
        </option>
        <option
          value="3"
        >
          1 Year
        </option>
        <option
          value="4"
        >
          2 Years
        </option>
      </select>
    </div>
    <div
      class="chart"
      id="chart"
    >
      <div
        data-testid="chart"
        options="[object Object]"
        series="[object Object]"
      />
    </div>
  </div>
</DocumentFragment>
`;
